// Jest Snapshot v1, https://goo.gl/fbAQLP

exports[`App test 1`] = `
<div>
  <h1
    style={
      Object {
        "color": "red",
        "textAlign": "center",
      }
    }
  >
    websit: 
    xiabai
  </h1>
  <h1>
    websit: 
    http://www.redhat.com
  </h1>
  <h1>
     name: 
    xiaofeng
  </h1>
</div>
`;
